Synthesis report for project ram_pll
Date : Jan 31 2020  10:2:23
Copyright (C) 2013 - 2019 Efinix Inc. All rights reserved.

### ### ### ### ### ### ### ### ### ### ### ### ### ### ###

Top-level Entity Name : top
### ### File List (begin) ### ### ###
F:/efinity_prj/2019_2/ram_pll_test-master/dual_clock_fifo.v (verilog_2k)
F:/efinity_prj/2019_2/ram_pll_test-master/shift_reg.v (verilog_2k)
F:/efinity_prj/2019_2/ram_pll_test-master/simple_dual_port_ram.v (verilog_2k)
F:/efinity_prj/2019_2/ram_pll_test-master/single_port_rom.v (verilog_2k)
F:/efinity_prj/2019_2/ram_pll_test-master/top.v (verilog_2k)
F:/efinity_prj/2019_2/ram_pll_test-master/true_dual_port_ram.v (verilog_2k)
### ### File List (end) ### ### ###

### ### Pre-optimizations and mapping (begin) ### ### ###
"MEM|SYN-0677" : Zero initialization of uninitialized memory block 'ram'."
@ F:/efinity_prj/2019_2/ram_pll_test-master/simple_dual_port_ram.v (31)"
"MEM|SYN-0677" : Zero initialization of uninitialized memory block 'ram'."
@ F:/efinity_prj/2019_2/ram_pll_test-master/true_dual_port_ram.v (34)"
FF|OPT : Flip-flop optimization by equivalence checking
@ "F:/efinity_prj/2019_2/ram_pll_test-master/dual_clock_fifo.v (341)" removed instance : dual_clock_fifo_wrapper/inst_dual_clock_fifo/i47
@ "F:/efinity_prj/2019_2/ram_pll_test-master/dual_clock_fifo.v (341)" representative instance : dual_clock_fifo_wrapper/inst_dual_clock_fifo/dff_45/i10
FF|OPT : Flip-flop optimization by equivalence checking
@ "F:/efinity_prj/2019_2/ram_pll_test-master/dual_clock_fifo.v (279)" removed instance : dual_clock_fifo_wrapper/inst_dual_clock_fifo/dff_22/i9
@ "F:/efinity_prj/2019_2/ram_pll_test-master/dual_clock_fifo.v (279)" representative instance : dual_clock_fifo_wrapper/inst_dual_clock_fifo/dff_20/i9
FF|OPT : Flip-flop optimization by equivalence checking
@ "F:/efinity_prj/2019_2/ram_pll_test-master/dual_clock_fifo.v (279)" removed instance : dual_clock_fifo_wrapper/inst_dual_clock_fifo/i22
@ "F:/efinity_prj/2019_2/ram_pll_test-master/dual_clock_fifo.v (279)" representative instance : dual_clock_fifo_wrapper/inst_dual_clock_fifo/dff_20/i10
FF|OPT : Flip-flop optimization by equivalence checking
@ "F:/efinity_prj/2019_2/ram_pll_test-master/dual_clock_fifo.v (341)" removed instance : dual_clock_fifo_wrapper/inst_dual_clock_fifo/dff_47/i9
@ "F:/efinity_prj/2019_2/ram_pll_test-master/dual_clock_fifo.v (341)" representative instance : dual_clock_fifo_wrapper/inst_dual_clock_fifo/dff_45/i9

Mapping success.
### ### Mapping (end) ### ### ###

### ### Post-optimizations and re-synthesis (begin) ### ### ###

Post-optimizations and re-synthesis success.
### ### Post-optimizations and re-synthesis (end) ### ### ###

### ### EFX_FF CE enables (begin) ### ### ###
Total number of enable signals: 19
Enable signal <vcc>, number of controlling flip flops: 10500
Enable signal <n10870>, number of controlling flip flops: 3
Enable signal <dual_clock_fifo_wrapper/o_full_2>, number of controlling flip flops: 18
Enable signal <dual_clock_fifo_wrapper/inst_dual_clock_fifo/r_we_1P>, number of controlling flip flops: 9
Enable signal <n612>, number of controlling flip flops: 18
Enable signal <dual_clock_fifo_wrapper/inst_dual_clock_fifo/r_re_1P>, number of controlling flip flops: 10
Enable signal <ram_raddr[15]>, number of controlling flip flops: 2
Enable signal <n21470>, number of controlling flip flops: 1
Enable signal <n21475>, number of controlling flip flops: 1
Enable signal <n21485>, number of controlling flip flops: 1
Enable signal <n21488>, number of controlling flip flops: 1
Enable signal <n21491>, number of controlling flip flops: 1
Enable signal <n21496>, number of controlling flip flops: 1
Enable signal <n21515>, number of controlling flip flops: 1
Enable signal <n21527>, number of controlling flip flops: 1
Enable signal <n21536>, number of controlling flip flops: 1
Enable signal <n21549>, number of controlling flip flops: 1
Enable signal <n21556>, number of controlling flip flops: 1
Enable signal <n21588>, number of controlling flip flops: 1
### ### EFX FF CE enables (end) ### ### ###

### ### EFX Flow Options (begin) ### ### ###

family : Trion
device : T20F256
project : ram_pll
root : top
I : F:/efinity_prj/2019_2/ram_pll_test-master
output-dir : F:/efinity_prj/2019_2/ram_pll_test-master/outflow
work-dir : F:/efinity_prj/2019_2/ram_pll_test-master/work_syn
write-efx-verilog : F:/efinity_prj/2019_2/ram_pll_test-master/outflow/ram_pll.map.v
binary-db : F:/efinity_prj/2019_2/ram_pll_test-master/ram_pll.vdb
insert-ios : 0
num_mult18 : -1
num_ram_5k : -1
syn_options : mode=speed
veri_options : verilog_mode=verilog_2k,vhdl_mode=vhdl_2008

### ### EFX Flow Options (end) ### ### ###

### ### Resource Summary (begin) ### ### ### 
INPUT  PORTS    : 	2
OUTPUT PORTS    : 	8

EFX_ADD         : 	63
EFX_LUT4        : 	203
EFX_FF          : 	10572
EFX_RAM_5K      : 	130
EFX_GBUFCE      : 	1
### ### Resource Summary (end) ### ### ###

Plain synthesis (without verilog dump and post-map checks) time : 10s
Elapsed synthesis time : 22s
