
Efinity Interface Designer Timing Report
Version: 2019.3.272.3.4
Date: 2020-02-26 08:28

Copyright (C) 2017 - 2019 Efinix Inc. All rights reserved.

Device: T20F256
Project: ram_pll
Timing Model: C4 (final)

---------- 1. PLL Timing Report (begin) ----------

+-------+-------------+-----------------------+
| Clock | Period (ns) | Phase Shift (degrees) |
+-------+-------------+-----------------------+
|  clk  |    26.67    |           0           |
+-------+-------------+-----------------------+

---------- PLL Timing Report (end) ----------

---------- 2. GPIO Timing Report (begin) ----------

Non-registered GPIO Configuration:
===================================

+---------------+----------+-----------+----------+----------+
| Instance Name | Pin Name | Parameter | Max (ns) | Min (ns) |
+---------------+----------+-----------+----------+----------+
|    led_o[0]   | led_o[0] |  GPIO_OUT |  3.829   |  1.915   |
|    led_o[1]   | led_o[1] |  GPIO_OUT |  3.829   |  1.915   |
|    led_o[2]   | led_o[2] |  GPIO_OUT |  3.829   |  1.915   |
|    led_o[3]   | led_o[3] |  GPIO_OUT |  3.829   |  1.915   |
|    led_o[4]   | led_o[4] |  GPIO_OUT |  3.829   |  1.915   |
|    led_o[5]   | led_o[5] |  GPIO_OUT |  3.829   |  1.915   |
|    led_o[6]   | led_o[6] |  GPIO_OUT |  3.829   |  1.915   |
|    led_o[7]   | led_o[7] |  GPIO_OUT |  3.829   |  1.915   |
+---------------+----------+-----------+----------+----------+

---------- GPIO Timing Report (end) ----------
